// Jest Snapshot v1, https://goo.gl/fbAQLP

exports[`NavBar Component matches snapshot 1`] = `
<DocumentFragment>
  <nav
    class="navbar navbar navbar-expand-md navbar-light fixed-top"
  >
    <div
      class="container"
    >
      <a
        class="d-flex navbar-brand"
        href="/"
      >
        <img
          alt="brand"
          class="img-fluid logo"
          src="logo.png"
        />
      </a>
      <button
        aria-controls="responsive-navbar-nav"
        aria-label="Toggle navigation"
        class="navbar-toggler collapsed"
        type="button"
      >
        <span />
        <span />
        <span />
      </button>
      <div
        class="navbar-collapse collapse"
        id="responsive-navbar-nav"
      >
        <div
          class="ms-auto navbar-nav"
        >
          <div
            class="nav-item"
          >
            <a
              href="/"
            >
              Home
            </a>
          </div>
          <div
            class="nav-item"
          >
            <a
              href="/work"
            >
              Work
            </a>
          </div>
          <div
            class="nav-item"
          >
            <a
              href="/pricing"
            >
              Pricing
            </a>
          </div>
          <div
            class="nav-item"
          >
            <a
              href="/careers"
            >
              Careers
            </a>
          </div>
          <div
            class="nav-item"
          >
            <a
              href="/contact"
            >
              Contact
            </a>
          </div>
        </div>
      </div>
    </div>
  </nav>
</DocumentFragment>
`;
