// Jest Snapshot v1, https://goo.gl/fbAQLP

exports[`HomePageSlider renders WorksSliderPanel when selectedItem exists 1`] = `
<div>
  <div
    class="slider-wrapper"
  >
    <div
      class="slider-track"
    >
      <div
        class="slider-item"
      >
        <div
          class="slider-content"
        >
          <h3>
            Frontend Developer
          </h3>
          <p>
            Responsible for building UI components.
          </p>
        </div>
      </div>
    </div>
    <div
      data-testid="works-slider-panel"
      role="[object Object]"
    >
      Mocked WorksSliderPanel
    </div>
  </div>
</div>
`;

exports[`HomePageSlider renders error message and matches snapshot 1`] = `
<div>
  <p
    class="error-message"
  >
    Failed to fetch slider data.
  </p>
</div>
`;

exports[`HomePageSlider renders loading state and matches snapshot 1`] = `
<div>
  <div
    class="loading-message"
  >
    Loading works...
  </div>
</div>
`;

exports[`HomePageSlider renders slider items and mediaRenderer called correctly and matches snapshot 1`] = `
<div>
  <div
    class="slider-wrapper"
  >
    <div
      class="slider-track"
    >
      <div
        class="slider-item"
      >
        <div
          class="slider-content"
        >
          <h3>
            Frontend Developer
          </h3>
          <p>
            Responsible for building UI components.
          </p>
        </div>
      </div>
    </div>
  </div>
</div>
`;
