// Jest Snapshot v1, https://goo.gl/fbAQLP

exports[`StarterPageSlider matches snapshot 1`] = `
<DocumentFragment>
  <div
    class="slider-wrapper"
  >
    <div
      class="slider-track"
    >
      <div
        class="slider-item"
      >
        <div
          class="slider-content"
        >
          <h2>
            Slide 1
          </h2>
          <p>
            Description 1
          </p>
        </div>
      </div>
      <div
        class="slider-item"
      >
        <div
          class="slider-content"
        >
          <h2>
            Slide 2
          </h2>
          <p>
            Description 2
          </p>
        </div>
      </div>
    </div>
  </div>
</DocumentFragment>
`;
